Archive member included because of file (symbol)

/home/vagrant/altera/13.0sp1/nios2eds/bin/gnu/H-i686-pc-linux-gnu/bin/../lib/gcc/nios2-elf/4.1.2/../../../../nios2-elf/lib/mno-hw-mul/libsmallc.a(lib_a-memcpy.o)
                              obj/default/sii9233.o (memcpy)
/home/vagrant/projects/color3/bringup/sw/bringup_bsp//libhal_bsp.a(alt_load.o)
                              /home/vagrant/projects/color3/bringup/sw/bringup_bsp//obj/HAL/src/crt0.o (alt_load)
/home/vagrant/projects/color3/bringup/sw/bringup_bsp//libhal_bsp.a(alt_main.o)
                              /home/vagrant/projects/color3/bringup/sw/bringup_bsp//obj/HAL/src/crt0.o (alt_main)
/home/vagrant/projects/color3/bringup/sw/bringup_bsp//libhal_bsp.a(alt_printf.o)
                              obj/default/hello_world_small.o (alt_printf)
/home/vagrant/projects/color3/bringup/sw/bringup_bsp//libhal_bsp.a(alt_putchar.o)
                              /home/vagrant/projects/color3/bringup/sw/bringup_bsp//libhal_bsp.a(alt_printf.o) (alt_putchar)
/home/vagrant/projects/color3/bringup/sw/bringup_bsp//libhal_bsp.a(alt_putstr.o)
                              obj/default/hello_world_small.o (alt_putstr)
/home/vagrant/projects/color3/bringup/sw/bringup_bsp//libhal_bsp.a(alt_sys_init.o)
                              /home/vagrant/projects/color3/bringup/sw/bringup_bsp//libhal_bsp.a(alt_main.o) (alt_sys_init)
/home/vagrant/projects/color3/bringup/sw/bringup_bsp//libhal_bsp.a(altera_avalon_jtag_uart_write.o)
                              /home/vagrant/projects/color3/bringup/sw/bringup_bsp//libhal_bsp.a(alt_putchar.o) (altera_avalon_jtag_uart_write)
/home/vagrant/projects/color3/bringup/sw/bringup_bsp//libhal_bsp.a(alt_dcache_flush_all.o)
                              /home/vagrant/projects/color3/bringup/sw/bringup_bsp//libhal_bsp.a(alt_load.o) (alt_dcache_flush_all)
/home/vagrant/projects/color3/bringup/sw/bringup_bsp//libhal_bsp.a(alt_icache_flush_all.o)
                              /home/vagrant/projects/color3/bringup/sw/bringup_bsp//libhal_bsp.a(alt_load.o) (alt_icache_flush_all)
/home/vagrant/projects/color3/bringup/sw/bringup_bsp//libhal_bsp.a(altera_nios2_qsys_irq.o)
                              /home/vagrant/projects/color3/bringup/sw/bringup_bsp//libhal_bsp.a(alt_sys_init.o) (altera_nios2_qsys_irq_init)
/home/vagrant/altera/13.0sp1/nios2eds/bin/gnu/H-i686-pc-linux-gnu/bin/../lib/gcc/nios2-elf/4.1.2/../../../../nios2-elf/lib/mno-hw-mul/libsmallc.a(lib_a-strlen.o)
                              /home/vagrant/projects/color3/bringup/sw/bringup_bsp//libhal_bsp.a(alt_putstr.o) (strlen)

Allocating common symbols
Common symbol       size              file

sii9136_i2c_ctx     0x8               obj/default/sii9136.o
sii9233_i2c_ctx     0x8               obj/default/sii9233.o

Memory Configuration

Name             Origin             Length             Attributes
reset            0x00002000         0x00000020
cpu_mem          0x00002020         0x00001fe0
*default*        0x00000000         0xffffffff

Linker script and memory map

LOAD /home/vagrant/projects/color3/bringup/sw/bringup_bsp//obj/HAL/src/crt0.o
                0x0000200c                exit = _exit
LOAD obj/default/hello_world_small.o
LOAD obj/default/i2c.o
LOAD obj/default/sii9136.o
LOAD obj/default/sii9233.o
LOAD /home/vagrant/altera/13.0sp1/nios2eds/bin/gnu/H-i686-pc-linux-gnu/bin/../lib/gcc/nios2-elf/4.1.2/../../../../nios2-elf/lib/mno-hw-mul/libstdc++.a
LOAD /home/vagrant/altera/13.0sp1/nios2eds/bin/gnu/H-i686-pc-linux-gnu/bin/../lib/gcc/nios2-elf/4.1.2/../../../../nios2-elf/lib/mno-hw-mul/libm.a
LOAD /home/vagrant/altera/13.0sp1/nios2eds/bin/gnu/H-i686-pc-linux-gnu/bin/../lib/gcc/nios2-elf/4.1.2/mno-hw-mul/libgcc.a
START GROUP
LOAD /home/vagrant/altera/13.0sp1/nios2eds/bin/gnu/H-i686-pc-linux-gnu/bin/../lib/gcc/nios2-elf/4.1.2/../../../../nios2-elf/lib/mno-hw-mul/libsmallc.a
LOAD /home/vagrant/altera/13.0sp1/nios2eds/bin/gnu/H-i686-pc-linux-gnu/bin/../lib/gcc/nios2-elf/4.1.2/mno-hw-mul/libgcc.a
LOAD /home/vagrant/projects/color3/bringup/sw/bringup_bsp//libhal_bsp.a
END GROUP
LOAD /home/vagrant/altera/13.0sp1/nios2eds/bin/gnu/H-i686-pc-linux-gnu/bin/../lib/gcc/nios2-elf/4.1.2/mno-hw-mul/libgcc.a
                0x00002000                __alt_mem_cpu_mem = 0x2000

.entry          0x00002000       0x20
 *(.entry)
 .entry         0x00002000       0x20 /home/vagrant/projects/color3/bringup/sw/bringup_bsp//obj/HAL/src/crt0.o
                0x00002000                __reset
                0x0000200c                _exit

.exceptions     0x00002020        0x0
                0x00002020                PROVIDE (__ram_exceptions_start, ABSOLUTE (.))
                0x00002020                . = ALIGN (0x20)
 *(.irq)
 *(.exceptions.entry.label)
 *(.exceptions.entry.user)
 *(.exceptions.entry)
 *(.exceptions.irqtest.user)
 *(.exceptions.irqtest)
 *(.exceptions.irqhandler.user)
 *(.exceptions.irqhandler)
 *(.exceptions.irqreturn.user)
 *(.exceptions.irqreturn)
 *(.exceptions.notirq.label)
 *(.exceptions.notirq.user)
 *(.exceptions.notirq)
 *(.exceptions.soft.user)
 *(.exceptions.soft)
 *(.exceptions.unknown.user)
 *(.exceptions.unknown)
 *(.exceptions.exit.label)
 *(.exceptions.exit.user)
 *(.exceptions.exit)
 *(.exceptions)
                0x00002020                PROVIDE (__ram_exceptions_end, ABSOLUTE (.))
                0x00002020                PROVIDE (__flash_exceptions_start, LOADADDR (.exceptions))

.text           0x00002020     0x1fec
                0x00002020                PROVIDE (stext, ABSOLUTE (.))
 *(.interp)
 *(.hash)
 *(.dynsym)
 *(.dynstr)
 *(.gnu.version)
 *(.gnu.version_d)
 *(.gnu.version_r)
 *(.rel.init)
 *(.rela.init)
 *(.rel.text .rel.text.* .rel.gnu.linkonce.t.*)
 *(.rela.text .rela.text.* .rela.gnu.linkonce.t.*)
 *(.rel.fini)
 *(.rela.fini)
 *(.rel.rodata .rel.rodata.* .rel.gnu.linkonce.r.*)
 *(.rela.rodata .rela.rodata.* .rela.gnu.linkonce.r.*)
 *(.rel.data .rel.data.* .rel.gnu.linkonce.d.*)
 *(.rela.data .rela.data.* .rela.gnu.linkonce.d.*)
 *(.rel.tdata .rel.tdata.* .rel.gnu.linkonce.td.*)
 *(.rela.tdata .rela.tdata.* .rela.gnu.linkonce.td.*)
 *(.rel.tbss .rel.tbss.* .rel.gnu.linkonce.tb.*)
 *(.rela.tbss .rela.tbss.* .rela.gnu.linkonce.tb.*)
 *(.rel.ctors)
 *(.rela.ctors)
 *(.rel.dtors)
 *(.rela.dtors)
 *(.rel.got)
 *(.rela.got)
 *(.rel.sdata .rel.sdata.* .rel.gnu.linkonce.s.*)
 *(.rela.sdata .rela.sdata.* .rela.gnu.linkonce.s.*)
 *(.rel.sbss .rel.sbss.* .rel.gnu.linkonce.sb.*)
 *(.rela.sbss .rela.sbss.* .rela.gnu.linkonce.sb.*)
 *(.rel.sdata2 .rel.sdata2.* .rel.gnu.linkonce.s2.*)
 *(.rela.sdata2 .rela.sdata2.* .rela.gnu.linkonce.s2.*)
 *(.rel.sbss2 .rel.sbss2.* .rel.gnu.linkonce.sb2.*)
 *(.rela.sbss2 .rela.sbss2.* .rela.gnu.linkonce.sb2.*)
 *(.rel.bss .rel.bss.* .rel.gnu.linkonce.b.*)
 *(.rela.bss .rela.bss.* .rela.gnu.linkonce.b.*)
 *(.rel.plt)
 *(.rela.plt)
 *(.rel.dyn)
 *(.init)
 *(.plt)
 *(.text .stub .text.* .gnu.linkonce.t.*)
 .text          0x00002020       0x3c /home/vagrant/projects/color3/bringup/sw/bringup_bsp//obj/HAL/src/crt0.o
                0x00002020                _start
 .text          0x0000205c       0x88 obj/default/hello_world_small.o
                0x0000205c                main
 .text          0x000020e4      0x64c obj/default/i2c.o
                0x000020e4                i2c_dly
                0x0000215c                i2c_stop
                0x000021b0                i2c_start
                0x00002214                i2c_init
                0x00002268                i2c_tx
                0x00002328                i2c_write_regs
                0x000023d0                i2c_write_buf
                0x0000245c                i2c_write_reg
                0x00002488                i2c_write_reg_nr
                0x000024b0                i2c_rx
                0x000025c4                i2c_read_buf
                0x00002650                i2c_read_regs
                0x000026c0                i2c_read_reg
 .text          0x00002730      0x320 obj/default/sii9136.o
                0x00002730                sii9136_i2c_write_reg
                0x0000279c                sii9136_reset
                0x00002830                sii9136_i2c_read_reg
                0x00002844                sii9136_init
                0x00002a2c                sii9136_initialize
 .text          0x00002a50     0x1284 obj/default/sii9233.o
                0x00002a50                sii9233_init
                0x00003b2c                sii9233_i2c_write_reg
                0x00003b98                sii9233_dev_id
                0x00003bfc                sii9233_reset
                0x00003c9c                sii9233_i2c_read_reg
                0x00003cb0                sii9233_initialize
 .text          0x00003cd4       0x2c /home/vagrant/altera/13.0sp1/nios2eds/bin/gnu/H-i686-pc-linux-gnu/bin/../lib/gcc/nios2-elf/4.1.2/../../../../nios2-elf/lib/mno-hw-mul/libsmallc.a(lib_a-memcpy.o)
                0x00003cd4                memcpy
 .text          0x00003d00       0x8c /home/vagrant/projects/color3/bringup/sw/bringup_bsp//libhal_bsp.a(alt_load.o)
                0x00003d20                alt_load
 .text          0x00003d8c       0x2c /home/vagrant/projects/color3/bringup/sw/bringup_bsp//libhal_bsp.a(alt_main.o)
                0x00003d8c                alt_main
 .text          0x00003db8      0x144 /home/vagrant/projects/color3/bringup/sw/bringup_bsp//libhal_bsp.a(alt_printf.o)
                0x00003db8                alt_printf
 .text          0x00003efc       0x50 /home/vagrant/projects/color3/bringup/sw/bringup_bsp//libhal_bsp.a(alt_putchar.o)
                0x00003efc                alt_putchar
 .text          0x00003f4c       0x38 /home/vagrant/projects/color3/bringup/sw/bringup_bsp//libhal_bsp.a(alt_putstr.o)
                0x00003f4c                alt_putstr
 .text          0x00003f84       0x24 /home/vagrant/projects/color3/bringup/sw/bringup_bsp//libhal_bsp.a(alt_sys_init.o)
                0x00003f84                alt_sys_init
                0x00003f88                alt_irq_init
 .text          0x00003fa8       0x34 /home/vagrant/projects/color3/bringup/sw/bringup_bsp//libhal_bsp.a(altera_avalon_jtag_uart_write.o)
                0x00003fa8                altera_avalon_jtag_uart_write
 .text          0x00003fdc        0x4 /home/vagrant/projects/color3/bringup/sw/bringup_bsp//libhal_bsp.a(alt_dcache_flush_all.o)
                0x00003fdc                alt_dcache_flush_all
 .text          0x00003fe0        0x4 /home/vagrant/projects/color3/bringup/sw/bringup_bsp//libhal_bsp.a(alt_icache_flush_all.o)
                0x00003fe0                alt_icache_flush_all
 .text          0x00003fe4        0x8 /home/vagrant/projects/color3/bringup/sw/bringup_bsp//libhal_bsp.a(altera_nios2_qsys_irq.o)
                0x00003fe4                altera_nios2_qsys_irq_init
 .text          0x00003fec       0x20 /home/vagrant/altera/13.0sp1/nios2eds/bin/gnu/H-i686-pc-linux-gnu/bin/../lib/gcc/nios2-elf/4.1.2/../../../../nios2-elf/lib/mno-hw-mul/libsmallc.a(lib_a-strlen.o)
                0x00003fec                strlen
 *(.gnu.warning.*)
 *(.fini)
                0x0000400c                PROVIDE (__etext, ABSOLUTE (.))
                0x0000400c                PROVIDE (_etext, ABSOLUTE (.))
                0x0000400c                PROVIDE (etext, ABSOLUTE (.))
 *(.eh_frame_hdr)
                0x0000400c                . = ALIGN (0x4)
                0x0000400c                PROVIDE (__preinit_array_start, ABSOLUTE (.))
 *(.preinit_array)
                0x0000400c                PROVIDE (__preinit_array_end, ABSOLUTE (.))
                0x0000400c                PROVIDE (__init_array_start, ABSOLUTE (.))
 *(.init_array)
                0x0000400c                PROVIDE (__init_array_end, ABSOLUTE (.))
                0x0000400c                PROVIDE (__fini_array_start, ABSOLUTE (.))
 *(.fini_array)
                0x0000400c                PROVIDE (__fini_array_end, ABSOLUTE (.))
 *(.eh_frame)
 *(.gcc_except_table)
 *(.dynamic)
                0x0000400c                PROVIDE (__CTOR_LIST__, ABSOLUTE (.))
 *(.ctors)
 *(SORT(.ctors.*))
                0x0000400c                PROVIDE (__CTOR_END__, ABSOLUTE (.))
                0x0000400c                PROVIDE (__DTOR_LIST__, ABSOLUTE (.))
 *(.dtors)
 *(SORT(.dtors.*))
                0x0000400c                PROVIDE (__DTOR_END__, ABSOLUTE (.))
 *(.jcr)
                0x0000400c                . = ALIGN (0x4)

.rodata         0x0000400c      0x500
                0x0000400c                PROVIDE (__ram_rodata_start, ABSOLUTE (.))
                0x0000400c                . = ALIGN (0x4)
 *(.rodata .rodata.* .gnu.linkonce.r.*)
 .rodata.str1.4
                0x0000400c       0x16 obj/default/hello_world_small.o
                                 0x1c (size before relaxing)
 *fill*         0x00004022        0x2 00
 .rodata.str1.4
                0x00004024       0x77 obj/default/sii9136.o
                                 0x78 (size before relaxing)
 *fill*         0x0000409b        0x1 00
 .rodata.str1.4
                0x0000409c       0x70 obj/default/sii9233.o
 .rodata        0x0000410c      0x400 obj/default/sii9233.o
 *(.rodata1)
                0x0000450c                . = ALIGN (0x4)
                0x0000450c                PROVIDE (__ram_rodata_end, ABSOLUTE (.))
                0x0000400c                PROVIDE (__flash_rodata_start, LOADADDR (.rodata))

.rwdata         0x0000450c       0x18 load address 0x00004524
                0x0000450c                PROVIDE (__ram_rwdata_start, ABSOLUTE (.))
                0x0000450c                . = ALIGN (0x4)
 *(.got.plt)
 *(.got)
 *(.data1)
 *(.data .data.* .gnu.linkonce.d.*)
 .data          0x0000450c        0x0 /home/vagrant/projects/color3/bringup/sw/bringup_bsp//obj/HAL/src/crt0.o
 .data          0x0000450c        0x0 obj/default/hello_world_small.o
 .data          0x0000450c        0x0 obj/default/i2c.o
 .data          0x0000450c        0x0 obj/default/sii9136.o
 .data          0x0000450c        0x0 obj/default/sii9233.o
 .data          0x0000450c        0x0 /home/vagrant/altera/13.0sp1/nios2eds/bin/gnu/H-i686-pc-linux-gnu/bin/../lib/gcc/nios2-elf/4.1.2/../../../../nios2-elf/lib/mno-hw-mul/libsmallc.a(lib_a-memcpy.o)
 .data          0x0000450c        0x0 /home/vagrant/projects/color3/bringup/sw/bringup_bsp//libhal_bsp.a(alt_load.o)
 .data          0x0000450c        0x0 /home/vagrant/projects/color3/bringup/sw/bringup_bsp//libhal_bsp.a(alt_main.o)
 .data          0x0000450c        0x0 /home/vagrant/projects/color3/bringup/sw/bringup_bsp//libhal_bsp.a(alt_printf.o)
 .data          0x0000450c        0x0 /home/vagrant/projects/color3/bringup/sw/bringup_bsp//libhal_bsp.a(alt_putchar.o)
 .data          0x0000450c        0x0 /home/vagrant/projects/color3/bringup/sw/bringup_bsp//libhal_bsp.a(alt_putstr.o)
 .data          0x0000450c        0x0 /home/vagrant/projects/color3/bringup/sw/bringup_bsp//libhal_bsp.a(alt_sys_init.o)
 .data          0x0000450c        0x0 /home/vagrant/projects/color3/bringup/sw/bringup_bsp//libhal_bsp.a(altera_avalon_jtag_uart_write.o)
 .data          0x0000450c        0x0 /home/vagrant/projects/color3/bringup/sw/bringup_bsp//libhal_bsp.a(alt_dcache_flush_all.o)
 .data          0x0000450c        0x0 /home/vagrant/projects/color3/bringup/sw/bringup_bsp//libhal_bsp.a(alt_icache_flush_all.o)
 .data          0x0000450c        0x0 /home/vagrant/projects/color3/bringup/sw/bringup_bsp//libhal_bsp.a(altera_nios2_qsys_irq.o)
 .data          0x0000450c        0x0 /home/vagrant/altera/13.0sp1/nios2eds/bin/gnu/H-i686-pc-linux-gnu/bin/../lib/gcc/nios2-elf/4.1.2/../../../../nios2-elf/lib/mno-hw-mul/libsmallc.a(lib_a-strlen.o)
                0x0000c50c                _gp = ABSOLUTE ((. + 0x8000))
                0x0000c50c                PROVIDE (gp, _gp)
 *(.rwdata .rwdata.*)
 *(.sdata .sdata.* .gnu.linkonce.s.*)
 .sdata         0x0000450c       0x14 obj/default/sii9233.o
 .sdata         0x00004520        0x4 /home/vagrant/projects/color3/bringup/sw/bringup_bsp//libhal_bsp.a(alt_sys_init.o)
                0x00004520                jtag_uart_0
 *(.sdata2 .sdata2.* .gnu.linkonce.s2.*)
                0x00004524                . = ALIGN (0x4)
                0x00004524                _edata = ABSOLUTE (.)
                0x00004524                PROVIDE (edata, ABSOLUTE (.))
                0x00004524                PROVIDE (__ram_rwdata_end, ABSOLUTE (.))
                0x00004524                PROVIDE (__flash_rwdata_start, LOADADDR (.rwdata))

.bss            0x0000453c       0x20
                0x0000453c                __bss_start = ABSOLUTE (.)
                0x0000453c                PROVIDE (__sbss_start, ABSOLUTE (.))
                0x0000453c                PROVIDE (___sbss_start, ABSOLUTE (.))
 *(.dynsbss)
 *(.sbss .sbss.* .gnu.linkonce.sb.*)
 .sbss          0x0000453c        0x4 obj/default/i2c.o
 .sbss          0x00004540        0x8 obj/default/sii9136.o
                0x00004540                sii9136_i2c_ctx
 .sbss          0x00004548        0x8 obj/default/sii9233.o
                0x00004548                sii9233_i2c_ctx
 .sbss          0x00004550        0xc /home/vagrant/projects/color3/bringup/sw/bringup_bsp//libhal_bsp.a(alt_main.o)
                0x00004550                alt_argc
                0x00004554                alt_argv
                0x00004558                alt_envp
 *(.sbss2 .sbss2.* .gnu.linkonce.sb2.*)
 *(.scommon)
                0x0000455c                PROVIDE (__sbss_end, ABSOLUTE (.))
                0x0000455c                PROVIDE (___sbss_end, ABSOLUTE (.))
 *(.dynbss)
 *(.bss .bss.* .gnu.linkonce.b.*)
 .bss           0x0000455c        0x0 /home/vagrant/projects/color3/bringup/sw/bringup_bsp//obj/HAL/src/crt0.o
 .bss           0x0000455c        0x0 obj/default/hello_world_small.o
 .bss           0x0000455c        0x0 obj/default/i2c.o
 .bss           0x0000455c        0x0 obj/default/sii9136.o
 .bss           0x0000455c        0x0 obj/default/sii9233.o
 .bss           0x0000455c        0x0 /home/vagrant/altera/13.0sp1/nios2eds/bin/gnu/H-i686-pc-linux-gnu/bin/../lib/gcc/nios2-elf/4.1.2/../../../../nios2-elf/lib/mno-hw-mul/libsmallc.a(lib_a-memcpy.o)
 .bss           0x0000455c        0x0 /home/vagrant/projects/color3/bringup/sw/bringup_bsp//libhal_bsp.a(alt_load.o)
 .bss           0x0000455c        0x0 /home/vagrant/projects/color3/bringup/sw/bringup_bsp//libhal_bsp.a(alt_main.o)
 .bss           0x0000455c        0x0 /home/vagrant/projects/color3/bringup/sw/bringup_bsp//libhal_bsp.a(alt_printf.o)
 .bss           0x0000455c        0x0 /home/vagrant/projects/color3/bringup/sw/bringup_bsp//libhal_bsp.a(alt_putchar.o)
 .bss           0x0000455c        0x0 /home/vagrant/projects/color3/bringup/sw/bringup_bsp//libhal_bsp.a(alt_putstr.o)
 .bss           0x0000455c        0x0 /home/vagrant/projects/color3/bringup/sw/bringup_bsp//libhal_bsp.a(alt_sys_init.o)
 .bss           0x0000455c        0x0 /home/vagrant/projects/color3/bringup/sw/bringup_bsp//libhal_bsp.a(altera_avalon_jtag_uart_write.o)
 .bss           0x0000455c        0x0 /home/vagrant/projects/color3/bringup/sw/bringup_bsp//libhal_bsp.a(alt_dcache_flush_all.o)
 .bss           0x0000455c        0x0 /home/vagrant/projects/color3/bringup/sw/bringup_bsp//libhal_bsp.a(alt_icache_flush_all.o)
 .bss           0x0000455c        0x0 /home/vagrant/projects/color3/bringup/sw/bringup_bsp//libhal_bsp.a(altera_nios2_qsys_irq.o)
 .bss           0x0000455c        0x0 /home/vagrant/altera/13.0sp1/nios2eds/bin/gnu/H-i686-pc-linux-gnu/bin/../lib/gcc/nios2-elf/4.1.2/../../../../nios2-elf/lib/mno-hw-mul/libsmallc.a(lib_a-strlen.o)
 *(COMMON)
                0x0000455c                . = ALIGN (0x4)
                0x0000455c                __bss_end = ABSOLUTE (.)

.cpu_mem        0x0000455c        0x0
                0x0000455c                PROVIDE (_alt_partition_cpu_mem_start, ABSOLUTE (.))
 *(.cpu_mem. cpu_mem.*)
                0x0000455c                . = ALIGN (0x4)
                0x0000455c                PROVIDE (_alt_partition_cpu_mem_end, ABSOLUTE (.))
                0x0000455c                _end = ABSOLUTE (.)
                0x0000455c                end = ABSOLUTE (.)
                0x0000455c                __alt_stack_base = ABSOLUTE (.)
                0x0000455c                PROVIDE (_alt_partition_cpu_mem_load_addr, LOADADDR (.cpu_mem))

.stab
 *(.stab)

.stabstr
 *(.stabstr)

.stab.excl
 *(.stab.excl)

.stab.exclstr
 *(.stab.exclstr)

.stab.index
 *(.stab.index)

.stab.indexstr
 *(.stab.indexstr)

.comment        0x00000000       0x26
 *(.comment)
 .comment       0x00000000       0x26 obj/default/hello_world_small.o
                                 0x27 (size before relaxing)
 .comment       0x00000000       0x27 obj/default/i2c.o
 .comment       0x00000000       0x27 obj/default/sii9136.o
 .comment       0x00000000       0x27 obj/default/sii9233.o
 .comment       0x00000000       0x27 /home/vagrant/altera/13.0sp1/nios2eds/bin/gnu/H-i686-pc-linux-gnu/bin/../lib/gcc/nios2-elf/4.1.2/../../../../nios2-elf/lib/mno-hw-mul/libsmallc.a(lib_a-memcpy.o)
 .comment       0x00000000       0x27 /home/vagrant/projects/color3/bringup/sw/bringup_bsp//libhal_bsp.a(alt_load.o)
 .comment       0x00000000       0x27 /home/vagrant/projects/color3/bringup/sw/bringup_bsp//libhal_bsp.a(alt_main.o)
 .comment       0x00000000       0x27 /home/vagrant/projects/color3/bringup/sw/bringup_bsp//libhal_bsp.a(alt_printf.o)
 .comment       0x00000000       0x27 /home/vagrant/projects/color3/bringup/sw/bringup_bsp//libhal_bsp.a(alt_putchar.o)
 .comment       0x00000000       0x27 /home/vagrant/projects/color3/bringup/sw/bringup_bsp//libhal_bsp.a(alt_putstr.o)
 .comment       0x00000000       0x27 /home/vagrant/projects/color3/bringup/sw/bringup_bsp//libhal_bsp.a(alt_sys_init.o)
 .comment       0x00000000       0x27 /home/vagrant/projects/color3/bringup/sw/bringup_bsp//libhal_bsp.a(altera_avalon_jtag_uart_write.o)
 .comment       0x00000000       0x27 /home/vagrant/projects/color3/bringup/sw/bringup_bsp//libhal_bsp.a(alt_dcache_flush_all.o)
 .comment       0x00000000       0x27 /home/vagrant/projects/color3/bringup/sw/bringup_bsp//libhal_bsp.a(alt_icache_flush_all.o)
 .comment       0x00000000       0x27 /home/vagrant/projects/color3/bringup/sw/bringup_bsp//libhal_bsp.a(altera_nios2_qsys_irq.o)
 .comment       0x00000000       0x27 /home/vagrant/altera/13.0sp1/nios2eds/bin/gnu/H-i686-pc-linux-gnu/bin/../lib/gcc/nios2-elf/4.1.2/../../../../nios2-elf/lib/mno-hw-mul/libsmallc.a(lib_a-strlen.o)

.debug
 *(.debug)

.line
 *(.line)

.debug_srcinfo
 *(.debug_srcinfo)

.debug_sfnames
 *(.debug_sfnames)

.debug_aranges  0x00000000      0x228
 *(.debug_aranges)
 .debug_aranges
                0x00000000       0x28 /home/vagrant/projects/color3/bringup/sw/bringup_bsp//obj/HAL/src/crt0.o
 .debug_aranges
                0x00000028       0x20 obj/default/hello_world_small.o
 .debug_aranges
                0x00000048       0x20 obj/default/i2c.o
 .debug_aranges
                0x00000068       0x20 obj/default/sii9136.o
 .debug_aranges
                0x00000088       0x20 obj/default/sii9233.o
 .debug_aranges
                0x000000a8       0x20 /home/vagrant/altera/13.0sp1/nios2eds/bin/gnu/H-i686-pc-linux-gnu/bin/../lib/gcc/nios2-elf/4.1.2/../../../../nios2-elf/lib/mno-hw-mul/libsmallc.a(lib_a-memcpy.o)
 .debug_aranges
                0x000000c8       0x20 /home/vagrant/projects/color3/bringup/sw/bringup_bsp//libhal_bsp.a(alt_load.o)
 .debug_aranges
                0x000000e8       0x20 /home/vagrant/projects/color3/bringup/sw/bringup_bsp//libhal_bsp.a(alt_main.o)
 .debug_aranges
                0x00000108       0x20 /home/vagrant/projects/color3/bringup/sw/bringup_bsp//libhal_bsp.a(alt_printf.o)
 .debug_aranges
                0x00000128       0x20 /home/vagrant/projects/color3/bringup/sw/bringup_bsp//libhal_bsp.a(alt_putchar.o)
 .debug_aranges
                0x00000148       0x20 /home/vagrant/projects/color3/bringup/sw/bringup_bsp//libhal_bsp.a(alt_putstr.o)
 .debug_aranges
                0x00000168       0x20 /home/vagrant/projects/color3/bringup/sw/bringup_bsp//libhal_bsp.a(alt_sys_init.o)
 .debug_aranges
                0x00000188       0x20 /home/vagrant/projects/color3/bringup/sw/bringup_bsp//libhal_bsp.a(altera_avalon_jtag_uart_write.o)
 .debug_aranges
                0x000001a8       0x20 /home/vagrant/projects/color3/bringup/sw/bringup_bsp//libhal_bsp.a(alt_dcache_flush_all.o)
 .debug_aranges
                0x000001c8       0x20 /home/vagrant/projects/color3/bringup/sw/bringup_bsp//libhal_bsp.a(alt_icache_flush_all.o)
 .debug_aranges
                0x000001e8       0x20 /home/vagrant/projects/color3/bringup/sw/bringup_bsp//libhal_bsp.a(altera_nios2_qsys_irq.o)
 .debug_aranges
                0x00000208       0x20 /home/vagrant/altera/13.0sp1/nios2eds/bin/gnu/H-i686-pc-linux-gnu/bin/../lib/gcc/nios2-elf/4.1.2/../../../../nios2-elf/lib/mno-hw-mul/libsmallc.a(lib_a-strlen.o)

.debug_pubnames
                0x00000000      0x432
 *(.debug_pubnames)
 .debug_pubnames
                0x00000000       0x1b obj/default/hello_world_small.o
 .debug_pubnames
                0x0000001b       0xdc obj/default/i2c.o
 .debug_pubnames
                0x000000f7       0x93 obj/default/sii9136.o
 .debug_pubnames
                0x0000018a       0xa6 obj/default/sii9233.o
 .debug_pubnames
                0x00000230       0x1d /home/vagrant/altera/13.0sp1/nios2eds/bin/gnu/H-i686-pc-linux-gnu/bin/../lib/gcc/nios2-elf/4.1.2/../../../../nios2-elf/lib/mno-hw-mul/libsmallc.a(lib_a-memcpy.o)
 .debug_pubnames
                0x0000024d       0x1f /home/vagrant/projects/color3/bringup/sw/bringup_bsp//libhal_bsp.a(alt_load.o)
 .debug_pubnames
                0x0000026c       0x46 /home/vagrant/projects/color3/bringup/sw/bringup_bsp//libhal_bsp.a(alt_main.o)
 .debug_pubnames
                0x000002b2       0x21 /home/vagrant/projects/color3/bringup/sw/bringup_bsp//libhal_bsp.a(alt_printf.o)
 .debug_pubnames
                0x000002d3       0x22 /home/vagrant/projects/color3/bringup/sw/bringup_bsp//libhal_bsp.a(alt_putchar.o)
 .debug_pubnames
                0x000002f5       0x21 /home/vagrant/projects/color3/bringup/sw/bringup_bsp//libhal_bsp.a(alt_putstr.o)
 .debug_pubnames
                0x00000316       0x44 /home/vagrant/projects/color3/bringup/sw/bringup_bsp//libhal_bsp.a(alt_sys_init.o)
 .debug_pubnames
                0x0000035a       0x34 /home/vagrant/projects/color3/bringup/sw/bringup_bsp//libhal_bsp.a(altera_avalon_jtag_uart_write.o)
 .debug_pubnames
                0x0000038e       0x2b /home/vagrant/projects/color3/bringup/sw/bringup_bsp//libhal_bsp.a(alt_dcache_flush_all.o)
 .debug_pubnames
                0x000003b9       0x2b /home/vagrant/projects/color3/bringup/sw/bringup_bsp//libhal_bsp.a(alt_icache_flush_all.o)
 .debug_pubnames
                0x000003e4       0x31 /home/vagrant/projects/color3/bringup/sw/bringup_bsp//libhal_bsp.a(altera_nios2_qsys_irq.o)
 .debug_pubnames
                0x00000415       0x1d /home/vagrant/altera/13.0sp1/nios2eds/bin/gnu/H-i686-pc-linux-gnu/bin/../lib/gcc/nios2-elf/4.1.2/../../../../nios2-elf/lib/mno-hw-mul/libsmallc.a(lib_a-strlen.o)

.debug_info     0x00000000     0x1cd6
 *(.debug_info .gnu.linkonce.wi.*)
 .debug_info    0x00000000       0x66 /home/vagrant/projects/color3/bringup/sw/bringup_bsp//obj/HAL/src/crt0.o
 .debug_info    0x00000066       0x8f obj/default/hello_world_small.o
 .debug_info    0x000000f5      0x5ce obj/default/i2c.o
 .debug_info    0x000006c3      0x1d7 obj/default/sii9136.o
 .debug_info    0x0000089a      0x883 obj/default/sii9233.o
 .debug_info    0x0000111d       0xc2 /home/vagrant/altera/13.0sp1/nios2eds/bin/gnu/H-i686-pc-linux-gnu/bin/../lib/gcc/nios2-elf/4.1.2/../../../../nios2-elf/lib/mno-hw-mul/libsmallc.a(lib_a-memcpy.o)
 .debug_info    0x000011df      0x12e /home/vagrant/projects/color3/bringup/sw/bringup_bsp//libhal_bsp.a(alt_load.o)
 .debug_info    0x0000130d      0x14f /home/vagrant/projects/color3/bringup/sw/bringup_bsp//libhal_bsp.a(alt_main.o)
 .debug_info    0x0000145c      0x11d /home/vagrant/projects/color3/bringup/sw/bringup_bsp//libhal_bsp.a(alt_printf.o)
 .debug_info    0x00001579       0xc5 /home/vagrant/projects/color3/bringup/sw/bringup_bsp//libhal_bsp.a(alt_putchar.o)
 .debug_info    0x0000163e       0xc5 /home/vagrant/projects/color3/bringup/sw/bringup_bsp//libhal_bsp.a(alt_putstr.o)
 .debug_info    0x00001703      0x197 /home/vagrant/projects/color3/bringup/sw/bringup_bsp//libhal_bsp.a(alt_sys_init.o)
 .debug_info    0x0000189a      0x1a9 /home/vagrant/projects/color3/bringup/sw/bringup_bsp//libhal_bsp.a(altera_avalon_jtag_uart_write.o)
 .debug_info    0x00001a43       0x8d /home/vagrant/projects/color3/bringup/sw/bringup_bsp//libhal_bsp.a(alt_dcache_flush_all.o)
 .debug_info    0x00001ad0       0x8d /home/vagrant/projects/color3/bringup/sw/bringup_bsp//libhal_bsp.a(alt_icache_flush_all.o)
 .debug_info    0x00001b5d       0xb7 /home/vagrant/projects/color3/bringup/sw/bringup_bsp//libhal_bsp.a(altera_nios2_qsys_irq.o)
 .debug_info    0x00001c14       0xc2 /home/vagrant/altera/13.0sp1/nios2eds/bin/gnu/H-i686-pc-linux-gnu/bin/../lib/gcc/nios2-elf/4.1.2/../../../../nios2-elf/lib/mno-hw-mul/libsmallc.a(lib_a-strlen.o)

.debug_abbrev   0x00000000      0xb68
 *(.debug_abbrev)
 .debug_abbrev  0x00000000       0x12 /home/vagrant/projects/color3/bringup/sw/bringup_bsp//obj/HAL/src/crt0.o
 .debug_abbrev  0x00000012       0x50 obj/default/hello_world_small.o
 .debug_abbrev  0x00000062      0x1a0 obj/default/i2c.o
 .debug_abbrev  0x00000202      0x122 obj/default/sii9136.o
 .debug_abbrev  0x00000324      0x176 obj/default/sii9233.o
 .debug_abbrev  0x0000049a       0x9d /home/vagrant/altera/13.0sp1/nios2eds/bin/gnu/H-i686-pc-linux-gnu/bin/../lib/gcc/nios2-elf/4.1.2/../../../../nios2-elf/lib/mno-hw-mul/libsmallc.a(lib_a-memcpy.o)
 .debug_abbrev  0x00000537       0x97 /home/vagrant/projects/color3/bringup/sw/bringup_bsp//libhal_bsp.a(alt_load.o)
 .debug_abbrev  0x000005ce       0xad /home/vagrant/projects/color3/bringup/sw/bringup_bsp//libhal_bsp.a(alt_main.o)
 .debug_abbrev  0x0000067b       0xc7 /home/vagrant/projects/color3/bringup/sw/bringup_bsp//libhal_bsp.a(alt_printf.o)
 .debug_abbrev  0x00000742       0x7b /home/vagrant/projects/color3/bringup/sw/bringup_bsp//libhal_bsp.a(alt_putchar.o)
 .debug_abbrev  0x000007bd       0x7c /home/vagrant/projects/color3/bringup/sw/bringup_bsp//libhal_bsp.a(alt_putstr.o)
 .debug_abbrev  0x00000839       0xe3 /home/vagrant/projects/color3/bringup/sw/bringup_bsp//libhal_bsp.a(alt_sys_init.o)
 .debug_abbrev  0x0000091c       0xf0 /home/vagrant/projects/color3/bringup/sw/bringup_bsp//libhal_bsp.a(altera_avalon_jtag_uart_write.o)
 .debug_abbrev  0x00000a0c       0x3f /home/vagrant/projects/color3/bringup/sw/bringup_bsp//libhal_bsp.a(alt_dcache_flush_all.o)
 .debug_abbrev  0x00000a4b       0x3f /home/vagrant/projects/color3/bringup/sw/bringup_bsp//libhal_bsp.a(alt_icache_flush_all.o)
 .debug_abbrev  0x00000a8a       0x64 /home/vagrant/projects/color3/bringup/sw/bringup_bsp//libhal_bsp.a(altera_nios2_qsys_irq.o)
 .debug_abbrev  0x00000aee       0x7a /home/vagrant/altera/13.0sp1/nios2eds/bin/gnu/H-i686-pc-linux-gnu/bin/../lib/gcc/nios2-elf/4.1.2/../../../../nios2-elf/lib/mno-hw-mul/libsmallc.a(lib_a-strlen.o)

.debug_line     0x00000000     0x31b9
 *(.debug_line)
 .debug_line    0x00000000       0x66 /home/vagrant/projects/color3/bringup/sw/bringup_bsp//obj/HAL/src/crt0.o
 .debug_line    0x00000066      0x1a0 obj/default/hello_world_small.o
 .debug_line    0x00000206      0x6a5 obj/default/i2c.o
 .debug_line    0x000008ab      0x3dc obj/default/sii9136.o
 .debug_line    0x00000c87      0xaca obj/default/sii9233.o
 .debug_line    0x00001751      0x145 /home/vagrant/altera/13.0sp1/nios2eds/bin/gnu/H-i686-pc-linux-gnu/bin/../lib/gcc/nios2-elf/4.1.2/../../../../nios2-elf/lib/mno-hw-mul/libsmallc.a(lib_a-memcpy.o)
 .debug_line    0x00001896      0x237 /home/vagrant/projects/color3/bringup/sw/bringup_bsp//libhal_bsp.a(alt_load.o)
 .debug_line    0x00001acd      0x2f6 /home/vagrant/projects/color3/bringup/sw/bringup_bsp//libhal_bsp.a(alt_main.o)
 .debug_line    0x00001dc3      0x202 /home/vagrant/projects/color3/bringup/sw/bringup_bsp//libhal_bsp.a(alt_printf.o)
 .debug_line    0x00001fc5      0x212 /home/vagrant/projects/color3/bringup/sw/bringup_bsp//libhal_bsp.a(alt_putchar.o)
 .debug_line    0x000021d7      0x1f9 /home/vagrant/projects/color3/bringup/sw/bringup_bsp//libhal_bsp.a(alt_putstr.o)
 .debug_line    0x000023d0      0x2bd /home/vagrant/projects/color3/bringup/sw/bringup_bsp//libhal_bsp.a(alt_sys_init.o)
 .debug_line    0x0000268d      0x32b /home/vagrant/projects/color3/bringup/sw/bringup_bsp//libhal_bsp.a(altera_avalon_jtag_uart_write.o)
 .debug_line    0x000029b8      0x1d5 /home/vagrant/projects/color3/bringup/sw/bringup_bsp//libhal_bsp.a(alt_dcache_flush_all.o)
 .debug_line    0x00002b8d      0x1d5 /home/vagrant/projects/color3/bringup/sw/bringup_bsp//libhal_bsp.a(alt_icache_flush_all.o)
 .debug_line    0x00002d62      0x207 /home/vagrant/projects/color3/bringup/sw/bringup_bsp//libhal_bsp.a(altera_nios2_qsys_irq.o)
 .debug_line    0x00002f69      0x250 /home/vagrant/altera/13.0sp1/nios2eds/bin/gnu/H-i686-pc-linux-gnu/bin/../lib/gcc/nios2-elf/4.1.2/../../../../nios2-elf/lib/mno-hw-mul/libsmallc.a(lib_a-strlen.o)

.debug_frame    0x00000000      0x500
 *(.debug_frame)
 .debug_frame   0x00000000       0x28 obj/default/hello_world_small.o
 .debug_frame   0x00000028      0x1b4 obj/default/i2c.o
 .debug_frame   0x000001dc       0x98 obj/default/sii9136.o
 .debug_frame   0x00000274       0xb4 obj/default/sii9233.o
 .debug_frame   0x00000328       0x20 /home/vagrant/altera/13.0sp1/nios2eds/bin/gnu/H-i686-pc-linux-gnu/bin/../lib/gcc/nios2-elf/4.1.2/../../../../nios2-elf/lib/mno-hw-mul/libsmallc.a(lib_a-memcpy.o)
 .debug_frame   0x00000348       0x38 /home/vagrant/projects/color3/bringup/sw/bringup_bsp//libhal_bsp.a(alt_load.o)
 .debug_frame   0x00000380       0x28 /home/vagrant/projects/color3/bringup/sw/bringup_bsp//libhal_bsp.a(alt_main.o)
 .debug_frame   0x000003a8       0x2c /home/vagrant/projects/color3/bringup/sw/bringup_bsp//libhal_bsp.a(alt_printf.o)
 .debug_frame   0x000003d4       0x2c /home/vagrant/projects/color3/bringup/sw/bringup_bsp//libhal_bsp.a(alt_putchar.o)
 .debug_frame   0x00000400       0x28 /home/vagrant/projects/color3/bringup/sw/bringup_bsp//libhal_bsp.a(alt_putstr.o)
 .debug_frame   0x00000428       0x38 /home/vagrant/projects/color3/bringup/sw/bringup_bsp//libhal_bsp.a(alt_sys_init.o)
 .debug_frame   0x00000460       0x20 /home/vagrant/projects/color3/bringup/sw/bringup_bsp//libhal_bsp.a(altera_avalon_jtag_uart_write.o)
 .debug_frame   0x00000480       0x20 /home/vagrant/projects/color3/bringup/sw/bringup_bsp//libhal_bsp.a(alt_dcache_flush_all.o)
 .debug_frame   0x000004a0       0x20 /home/vagrant/projects/color3/bringup/sw/bringup_bsp//libhal_bsp.a(alt_icache_flush_all.o)
 .debug_frame   0x000004c0       0x20 /home/vagrant/projects/color3/bringup/sw/bringup_bsp//libhal_bsp.a(altera_nios2_qsys_irq.o)
 .debug_frame   0x000004e0       0x20 /home/vagrant/altera/13.0sp1/nios2eds/bin/gnu/H-i686-pc-linux-gnu/bin/../lib/gcc/nios2-elf/4.1.2/../../../../nios2-elf/lib/mno-hw-mul/libsmallc.a(lib_a-strlen.o)

.debug_str      0x00000000      0x7d6
 *(.debug_str)
 .debug_str     0x00000000       0xa5 obj/default/hello_world_small.o
                                 0xd1 (size before relaxing)
 .debug_str     0x000000a5       0xf9 obj/default/i2c.o
                                0x1dd (size before relaxing)
 .debug_str     0x0000019e       0x81 obj/default/sii9136.o
                                0x17c (size before relaxing)
 .debug_str     0x0000021f       0x82 obj/default/sii9233.o
                                0x191 (size before relaxing)
 .debug_str     0x000002a1      0x102 /home/vagrant/altera/13.0sp1/nios2eds/bin/gnu/H-i686-pc-linux-gnu/bin/../lib/gcc/nios2-elf/4.1.2/../../../../nios2-elf/lib/mno-hw-mul/libsmallc.a(lib_a-memcpy.o)
                                0x12e (size before relaxing)
 .debug_str     0x000003a3      0x126 /home/vagrant/projects/color3/bringup/sw/bringup_bsp//libhal_bsp.a(alt_load.o)
                                0x1bb (size before relaxing)
 .debug_str     0x000004c9       0x96 /home/vagrant/projects/color3/bringup/sw/bringup_bsp//libhal_bsp.a(alt_main.o)
                                0x168 (size before relaxing)
 .debug_str     0x0000055f       0x46 /home/vagrant/projects/color3/bringup/sw/bringup_bsp//libhal_bsp.a(alt_printf.o)
                                 0xa6 (size before relaxing)
 .debug_str     0x000005a5       0x4e /home/vagrant/projects/color3/bringup/sw/bringup_bsp//libhal_bsp.a(alt_putchar.o)
                                0x118 (size before relaxing)
 .debug_str     0x000005f3       0x20 /home/vagrant/projects/color3/bringup/sw/bringup_bsp//libhal_bsp.a(alt_putstr.o)
                                0x116 (size before relaxing)
 .debug_str     0x00000613       0x85 /home/vagrant/projects/color3/bringup/sw/bringup_bsp//libhal_bsp.a(alt_sys_init.o)
                                0x1d5 (size before relaxing)
 .debug_str     0x00000698       0x56 /home/vagrant/projects/color3/bringup/sw/bringup_bsp//libhal_bsp.a(altera_avalon_jtag_uart_write.o)
                                0x1d8 (size before relaxing)
 .debug_str     0x000006ee       0x34 /home/vagrant/projects/color3/bringup/sw/bringup_bsp//libhal_bsp.a(alt_dcache_flush_all.o)
                                 0xfe (size before relaxing)
 .debug_str     0x00000722       0x34 /home/vagrant/projects/color3/bringup/sw/bringup_bsp//libhal_bsp.a(alt_icache_flush_all.o)
                                 0xfe (size before relaxing)
 .debug_str     0x00000756       0x3b /home/vagrant/projects/color3/bringup/sw/bringup_bsp//libhal_bsp.a(altera_nios2_qsys_irq.o)
                                0x12e (size before relaxing)
 .debug_str     0x00000791       0x45 /home/vagrant/altera/13.0sp1/nios2eds/bin/gnu/H-i686-pc-linux-gnu/bin/../lib/gcc/nios2-elf/4.1.2/../../../../nios2-elf/lib/mno-hw-mul/libsmallc.a(lib_a-strlen.o)
                                0x189 (size before relaxing)

.debug_loc      0x00000000      0xcd2
 *(.debug_loc)
 .debug_loc     0x00000000       0x48 obj/default/hello_world_small.o
 .debug_loc     0x00000048      0x77f obj/default/i2c.o
 .debug_loc     0x000007c7       0xe8 obj/default/sii9136.o
 .debug_loc     0x000008af      0x157 obj/default/sii9233.o
 .debug_loc     0x00000a06       0x1e /home/vagrant/altera/13.0sp1/nios2eds/bin/gnu/H-i686-pc-linux-gnu/bin/../lib/gcc/nios2-elf/4.1.2/../../../../nios2-elf/lib/mno-hw-mul/libsmallc.a(lib_a-memcpy.o)
 .debug_loc     0x00000a24       0x1f /home/vagrant/projects/color3/bringup/sw/bringup_bsp//libhal_bsp.a(alt_load.o)
 .debug_loc     0x00000a43       0x1f /home/vagrant/projects/color3/bringup/sw/bringup_bsp//libhal_bsp.a(alt_main.o)
 .debug_loc     0x00000a62      0x175 /home/vagrant/projects/color3/bringup/sw/bringup_bsp//libhal_bsp.a(alt_printf.o)
 .debug_loc     0x00000bd7       0x3d /home/vagrant/projects/color3/bringup/sw/bringup_bsp//libhal_bsp.a(alt_putchar.o)
 .debug_loc     0x00000c14       0x48 /home/vagrant/projects/color3/bringup/sw/bringup_bsp//libhal_bsp.a(alt_putstr.o)
 .debug_loc     0x00000c5c       0x32 /home/vagrant/projects/color3/bringup/sw/bringup_bsp//libhal_bsp.a(alt_sys_init.o)
 .debug_loc     0x00000c8e       0x26 /home/vagrant/projects/color3/bringup/sw/bringup_bsp//libhal_bsp.a(altera_avalon_jtag_uart_write.o)
 .debug_loc     0x00000cb4       0x1e /home/vagrant/altera/13.0sp1/nios2eds/bin/gnu/H-i686-pc-linux-gnu/bin/../lib/gcc/nios2-elf/4.1.2/../../../../nios2-elf/lib/mno-hw-mul/libsmallc.a(lib_a-strlen.o)

.debug_macinfo
 *(.debug_macinfo)

.debug_weaknames
 *(.debug_weaknames)

.debug_funcnames
 *(.debug_funcnames)

.debug_typenames
 *(.debug_typenames)

.debug_varnames
 *(.debug_varnames)

.debug_alt_sim_info
                0x00000000       0x10
 *(.debug_alt_sim_info)
 .debug_alt_sim_info
                0x00000000       0x10 /home/vagrant/projects/color3/bringup/sw/bringup_bsp//obj/HAL/src/crt0.o
                0x00004000                __alt_data_end = 0x4000
                0x00004000                PROVIDE (__alt_stack_pointer, __alt_data_end)
                0x0000455c                PROVIDE (__alt_stack_limit, __alt_stack_base)
                0x0000455c                PROVIDE (__alt_heap_start, end)
                0x00004000                PROVIDE (__alt_heap_limit, 0x4000)
OUTPUT(bringup.elf elf32-littlenios2)

.debug_ranges   0x00000000       0xe8
 .debug_ranges  0x00000000       0x20 /home/vagrant/projects/color3/bringup/sw/bringup_bsp//obj/HAL/src/crt0.o
 .debug_ranges  0x00000020       0xc8 obj/default/sii9233.o
